
┌─ 1 (root, init)
│   k: #execute ~> CONTINUATION:K
│   pc: 0
│   callDepth: 0
│   statusCode: STATUSCODE:StatusCode
│
│  (1554 steps)
├─ 5 (terminal)
│   k: #halt ~> CONTINUATION:K
│   pc: 194
│   callDepth: 0
│   statusCode: EVMC_SUCCESS
│
│  (1 step)
├─ 6
│   k: #execute ~> CONTINUATION:K
│   pc: 0
│   callDepth: 0
│   statusCode: STATUSCODE:StatusCode
│
│  (676 steps)
├─ 8 (terminal)
│   k: #halt ~> CONTINUATION:K
│   pc: 194
│   callDepth: 0
│   statusCode: EVMC_SUCCESS
│
┊  constraint: true
┊  subst: OMITTED SUBST
└─ 7 (leaf, target, terminal)
    k: #halt ~> CONTINUATION:K
    pc: PC_CELL_5d410f2a:Int
    callDepth: CALLDEPTH_CELL_5d410f2a:Int
    statusCode: STATUSCODE_FINAL:StatusCode




module SUMMARY-TEST%CONTRACTFIELDTEST.TESTESCROWTOKEN():3
    
    
    rule [BASIC-BLOCK-1-TO-5]: <foundry>
           <kevm>
             <k>
               ( #execute => #halt )
               ~> _CONTINUATION
             </k>
             <mode>
               NORMAL
             </mode>
             <schedule>
               SHANGHAI
             </schedule>
             <useGas>
               false
             </useGas>
             <ethereum>
               <evm>
                 <output>
                   b""
                 </output>
                 <statusCode>
                   ( _STATUSCODE => EVMC_SUCCESS )
                 </statusCode>
                 <callStack>
                   .List
                 </callStack>
                 <interimStates>
                   .List
                 </interimStates>
                 <touchedAccounts>
                   ( .Set => ( SetItem ( 263400868551549723330807389252719309078400616203 ) ( SetItem ( 491460923342184218035706888008750043977755113263 ) SetItem ( 728815563385977040452943777879061427756277306518 ) ) ) )
                 </touchedAccounts>
                 <callState>
                   <id>
                     728815563385977040452943777879061427756277306518
                   </id>
                   <caller>
                     CALLER_ID:Int
                   </caller>
                   <callData>
                     b"\n\x92T\xe4"
                   </callData>
                   <callValue>
                     0
                   </callValue>
                   <wordStack>
                     ( .WordStack => ( selector ( "setUp()" ) : .WordStack ) )
                   </wordStack>
                   <localMem>
                     ( b"" => b"\x00\x00\x00\x00\x00\x00\x00\x00\x00\x00\x00\x00\x00\x00\x00\x00\x00\x00\x00\x00\x00\x00\x00\x00\x00\x00\x00\x00\x00\x00\x00\x00\x00\x00\x00\x00\x00\x00\x00\x00\x00\x00\x00\x00\x00\x00\x00\x00\x00\x00\x00\x00\x00\x00\x00\x00\x00\x00\x00\x00\x00\x00\x00\x00\x00\x00\x00\x00\x00\x00\x00\x00\x00\x00\x00\x00\x00\x00\x00\x00\x00\x00\x00\x00\x00\x00\x00\x00\x00\x00\x00\x00\x00\x00\x00\x80\x00\x00\x00\x00\x00\x00\x00\x00\x00\x00\x00\x00\x00\x00\x00\x00\x00\x00\x00\x00\x00\x00\x00\x00\x00\x00\x00\x00\x00\x00\x00\x00`\x80`@R4\x80\x15a\x00\x10W`\x00\x80\xfd[P`@Qa\x01\xe28\x03\x80a\x01\xe2\x839\x81\x01`@\x81\x90Ra\x00/\x91a\x00ZV[`\x00\x80T`\x01`\x01`\xa0\x1b\x03\x90\x92\x16a\x01\x00\x02a\x01\x00`\x01`\xa8\x1b\x03\x19\x90\x92\x16\x91\x90\x91\x17\x90Ua\x00\x8aV[`\x00` \x82\x84\x03\x12\x15a\x00lW`\x00\x80\xfd[\x81Q`\x01`\x01`\xa0\x1b\x03\x81\x16\x81\x14a\x00\x83W`\x00\x80\xfd[\x93\x92PPPV[a\x01I\x80a\x00\x99`\x009`\x00\xf3\xfe`\x80`@R4\x80\x15a\x00\x10W`\x00\x80\xfd[P`\x046\x10a\x00+W`\x005`\xe0\x1c\x80cW\xdf\x84K\x14a\x000W[`\x00\x80\xfd[a\x008a\x00JV[`@Q\x90\x81R` \x01`@Q\x80\x91\x03\x90\xf3[`\x00\x80`\x01\x90T\x90a\x01\x00\n\x90\x04`\x01`\x01`\xa0\x1b\x03\x16`\x01`\x01`\xa0\x1b\x03\x16c\xc4\xe4\x1b\"`@Q\x81c\xff\xff\xff\xff\x16`\xe0\x1b\x81R`\x04\x01` `@Q\x80\x83\x03\x81`\x00\x87Z\xf1\x15\x80\x15a\x00\xa0W=`\x00\x80>=`\x00\xfd[PPPP`@Q=`\x1f\x19`\x1f\x82\x01\x16\x82\x01\x80`@RP\x81\x01\x90a\x00\xc4\x91\x90a\x00\xd4V[a\x00\xcf\x90`\ra\x00\xedV[\x90P\x90V[`\x00` \x82\x84\x03\x12\x15a\x00\xe6W`\x00\x80\xfd[PQ\x91\x90PV[`\x00\x82\x19\x82\x11\x15a\x01\x0eWcNH{q`\xe0\x1b`\x00R`\x11`\x04R`$`\x00\xfd[P\x01\x90V\xfe\xa2dipfsX\"\x12 \xa6\x07\xff\x94\xec\xc7\xd1\xb1\x9d\x05a\xd5\x81\xfa\xf2\x1a\x9f\xf6!\x02\x0f\xf0\x0b\xb7\xe1>\xd3\xf4\\\xc9\xfc3dsolcC\x00\x08\r\x003\x00\x00\x00\x00\x00\x00\x00\x00\x00\x00\x00\x00V\x15\xde\xb7\x98\xbb>M\xfa\x019\xdf\xa1\xb3\xd43\xcc#\xb7/" )
                   </localMem>
                   <memoryUsed>
                     0
                   </memoryUsed>
                   <callGas>
                     0
                   </callGas>
                   <static>
                     false
                   </static>
                   <callDepth>
                     0
                   </callDepth>
                   ...
                 </callState>
                 <substate>
                   <log>
                     .List
                   </log>
                   <refund>
                     0
                   </refund>
                   <accessedAccounts>
                     ( .Set => ( SetItem ( 263400868551549723330807389252719309078400616203 ) ( SetItem ( 491460923342184218035706888008750043977755113263 ) SetItem ( 728815563385977040452943777879061427756277306518 ) ) ) )
                   </accessedAccounts>
                   <accessedStorage>
                     .Map
                   </accessedStorage>
                   ...
                 </substate>
                 <origin>
                   ORIGIN_ID:Int
                 </origin>
                 <block>
                   <number>
                     NUMBER_CELL:Int
                   </number>
                   <timestamp>
                     TIMESTAMP_CELL:Int
                   </timestamp>
                   ...
                 </block>
                 ...
               </evm>
               <network>
                 <accounts>
                   ( <account>
                     <acctID>
                       ( 645326474426547203313410069153905908525362434349 => 263400868551549723330807389252719309078400616203 )
                     </acctID>
                     <balance>
                       0
                     </balance>
                     <storage>
                       ( .Map => ( 0 |-> 125813996375599159817140963330240011258305308995328 ) )
                     </storage>
                     <origStorage>
                       .Map
                     </origStorage>
                     <nonce>
                       ( 0 => 1 )
                     </nonce>
                     ...
                   </account>
                   ( <account>
                     <acctID>
                       728815563385977040452943777879061427756277306518
                     </acctID>
                     <balance>
                       0
                     </balance>
                     <storage>
                       .Map
                     </storage>
                     <origStorage>
                       .Map
                     </origStorage>
                     <nonce>
                       1
                     </nonce>
                     ...
                   </account> => ( <account>
                     <acctID>
                       491460923342184218035706888008750043977755113263
                     </acctID>
                     <balance>
                       0
                     </balance>
                     <storage>
                       ( 0 |-> 12300 )
                     </storage>
                     <origStorage>
                       .Map
                     </origStorage>
                     <nonce>
                       1
                     </nonce>
                     ...
                   </account>
                   ( <account>
                     <acctID>
                       645326474426547203313410069153905908525362434349
                     </acctID>
                     <balance>
                       0
                     </balance>
                     <storage>
                       .Map
                     </storage>
                     <origStorage>
                       .Map
                     </origStorage>
                     <nonce>
                       0
                     </nonce>
                     ...
                   </account>
                   <account>
                     <acctID>
                       728815563385977040452943777879061427756277306518
                     </acctID>
                     <balance>
                       0
                     </balance>
                     <storage>
                       ( ( 27 |-> 491460923342184218035706888008750043977755113263 )
                       ( 28 |-> 263400868551549723330807389252719309078400616203 ) )
                     </storage>
                     <origStorage>
                       .Map
                     </origStorage>
                     <nonce>
                       3
                     </nonce>
                     ...
                   </account> ) ) ) )
                 </accounts>
                 ...
               </network>
             </ethereum>
             ...
           </kevm>
           <cheatcodes>
             <prank>
               <active>
                 false
               </active>
               <singleCall>
                 false
               </singleCall>
               ...
             </prank>
             <expectedRevert>
               <isRevertExpected>
                 false
               </isRevertExpected>
               ...
             </expectedRevert>
             <expectedOpcode>
               <isOpcodeExpected>
                 false
               </isOpcodeExpected>
               ...
             </expectedOpcode>
             <expectEmit>
               <recordEvent>
                 false
               </recordEvent>
               <isEventExpected>
                 false
               </isEventExpected>
               ...
             </expectEmit>
             <whitelist>
               <isCallWhitelistActive>
                 false
               </isCallWhitelistActive>
               <isStorageWhitelistActive>
                 false
               </isStorageWhitelistActive>
               <addressSet>
                 .Set
               </addressSet>
               <storageSlotSet>
                 .Set
               </storageSlotSet>
             </whitelist>
             <mockCalls>
               .MockCallCellMap
             </mockCalls>
           </cheatcodes>
           <KEVMTracing>
             <activeTracing>
               false
             </activeTracing>
             <traceStorage>
               false
             </traceStorage>
             <traceWordStack>
               false
             </traceWordStack>
             <traceMemory>
               false
             </traceMemory>
             <recordedTrace>
               false
             </recordedTrace>
             <traceData>
               .List
             </traceData>
           </KEVMTracing>
         </foundry>
      requires ( 0 <=Int CALLER_ID:Int
       andBool ( 0 <=Int ORIGIN_ID:Int
       andBool ( 0 <=Int NUMBER_CELL:Int
       andBool ( 0 <=Int TIMESTAMP_CELL:Int
       andBool ( CALLER_ID:Int =/=Int 645326474426547203313410069153905908525362434349
       andBool ( ORIGIN_ID:Int =/=Int 645326474426547203313410069153905908525362434349
       andBool ( _C_CONTRACTFIELDTEST_ID =/=Int 645326474426547203313410069153905908525362434349
       andBool ( CALLER_ID:Int <Int pow160
       andBool ( ORIGIN_ID:Int <Int pow160
       andBool ( NUMBER_CELL:Int <=Int maxSInt256
       andBool ( TIMESTAMP_CELL:Int <Int pow256
       andBool ( ( notBool #range ( 0 < CALLER_ID:Int <= 9 ) )
       andBool ( ( notBool #range ( 0 < ORIGIN_ID:Int <= 9 ) )
               )))))))))))))
      [priority(20), label(BASIC-BLOCK-1-TO-5)]
    
    rule [BASIC-BLOCK-5-TO-6]: <foundry>
           <kevm>
             <k>
               ( #halt => #execute )
               ~> _CONTINUATION
             </k>
             <mode>
               NORMAL
             </mode>
             <schedule>
               SHANGHAI
             </schedule>
             <useGas>
               false
             </useGas>
             <ethereum>
               <evm>
                 <output>
                   b""
                 </output>
                 <statusCode>
                   ( EVMC_SUCCESS => ?_STATUSCODE )
                 </statusCode>
                 <callStack>
                   .List
                 </callStack>
                 <interimStates>
                   .List
                 </interimStates>
                 <touchedAccounts>
                   ( ( SetItem ( 263400868551549723330807389252719309078400616203 ) ( SetItem ( 491460923342184218035706888008750043977755113263 ) SetItem ( 728815563385977040452943777879061427756277306518 ) ) ) => .Set )
                 </touchedAccounts>
                 <callState>
                   <id>
                     728815563385977040452943777879061427756277306518
                   </id>
                   <caller>
                     CALLER_ID:Int
                   </caller>
                   <callData>
                     ( b"\n\x92T\xe4" => b"51X\xa0" )
                   </callData>
                   <callValue>
                     0
                   </callValue>
                   <wordStack>
                     ( ( selector ( "setUp()" ) : .WordStack ) => .WordStack )
                   </wordStack>
                   <localMem>
                     ( b"\x00\x00\x00\x00\x00\x00\x00\x00\x00\x00\x00\x00\x00\x00\x00\x00\x00\x00\x00\x00\x00\x00\x00\x00\x00\x00\x00\x00\x00\x00\x00\x00\x00\x00\x00\x00\x00\x00\x00\x00\x00\x00\x00\x00\x00\x00\x00\x00\x00\x00\x00\x00\x00\x00\x00\x00\x00\x00\x00\x00\x00\x00\x00\x00\x00\x00\x00\x00\x00\x00\x00\x00\x00\x00\x00\x00\x00\x00\x00\x00\x00\x00\x00\x00\x00\x00\x00\x00\x00\x00\x00\x00\x00\x00\x00\x80\x00\x00\x00\x00\x00\x00\x00\x00\x00\x00\x00\x00\x00\x00\x00\x00\x00\x00\x00\x00\x00\x00\x00\x00\x00\x00\x00\x00\x00\x00\x00\x00`\x80`@R4\x80\x15a\x00\x10W`\x00\x80\xfd[P`@Qa\x01\xe28\x03\x80a\x01\xe2\x839\x81\x01`@\x81\x90Ra\x00/\x91a\x00ZV[`\x00\x80T`\x01`\x01`\xa0\x1b\x03\x90\x92\x16a\x01\x00\x02a\x01\x00`\x01`\xa8\x1b\x03\x19\x90\x92\x16\x91\x90\x91\x17\x90Ua\x00\x8aV[`\x00` \x82\x84\x03\x12\x15a\x00lW`\x00\x80\xfd[\x81Q`\x01`\x01`\xa0\x1b\x03\x81\x16\x81\x14a\x00\x83W`\x00\x80\xfd[\x93\x92PPPV[a\x01I\x80a\x00\x99`\x009`\x00\xf3\xfe`\x80`@R4\x80\x15a\x00\x10W`\x00\x80\xfd[P`\x046\x10a\x00+W`\x005`\xe0\x1c\x80cW\xdf\x84K\x14a\x000W[`\x00\x80\xfd[a\x008a\x00JV[`@Q\x90\x81R` \x01`@Q\x80\x91\x03\x90\xf3[`\x00\x80`\x01\x90T\x90a\x01\x00\n\x90\x04`\x01`\x01`\xa0\x1b\x03\x16`\x01`\x01`\xa0\x1b\x03\x16c\xc4\xe4\x1b\"`@Q\x81c\xff\xff\xff\xff\x16`\xe0\x1b\x81R`\x04\x01` `@Q\x80\x83\x03\x81`\x00\x87Z\xf1\x15\x80\x15a\x00\xa0W=`\x00\x80>=`\x00\xfd[PPPP`@Q=`\x1f\x19`\x1f\x82\x01\x16\x82\x01\x80`@RP\x81\x01\x90a\x00\xc4\x91\x90a\x00\xd4V[a\x00\xcf\x90`\ra\x00\xedV[\x90P\x90V[`\x00` \x82\x84\x03\x12\x15a\x00\xe6W`\x00\x80\xfd[PQ\x91\x90PV[`\x00\x82\x19\x82\x11\x15a\x01\x0eWcNH{q`\xe0\x1b`\x00R`\x11`\x04R`$`\x00\xfd[P\x01\x90V\xfe\xa2dipfsX\"\x12 \xa6\x07\xff\x94\xec\xc7\xd1\xb1\x9d\x05a\xd5\x81\xfa\xf2\x1a\x9f\xf6!\x02\x0f\xf0\x0b\xb7\xe1>\xd3\xf4\\\xc9\xfc3dsolcC\x00\x08\r\x003\x00\x00\x00\x00\x00\x00\x00\x00\x00\x00\x00\x00V\x15\xde\xb7\x98\xbb>M\xfa\x019\xdf\xa1\xb3\xd43\xcc#\xb7/" => b"" )
                   </localMem>
                   <memoryUsed>
                     0
                   </memoryUsed>
                   <callGas>
                     0
                   </callGas>
                   <static>
                     false
                   </static>
                   <callDepth>
                     0
                   </callDepth>
                   ...
                 </callState>
                 <substate>
                   <log>
                     .List
                   </log>
                   <refund>
                     0
                   </refund>
                   <accessedAccounts>
                     ( ( SetItem ( 263400868551549723330807389252719309078400616203 ) ( SetItem ( 491460923342184218035706888008750043977755113263 ) SetItem ( 728815563385977040452943777879061427756277306518 ) ) ) => .Set )
                   </accessedAccounts>
                   <accessedStorage>
                     .Map
                   </accessedStorage>
                   ...
                 </substate>
                 <origin>
                   ORIGIN_ID:Int
                 </origin>
                 <block>
                   <number>
                     NUMBER_CELL:Int
                   </number>
                   <timestamp>
                     TIMESTAMP_CELL:Int
                   </timestamp>
                   ...
                 </block>
                 ...
               </evm>
               <network>
                 <accounts>
                   ( <account>
                     <acctID>
                       263400868551549723330807389252719309078400616203
                     </acctID>
                     <balance>
                       0
                     </balance>
                     <storage>
                       ( 0 |-> 125813996375599159817140963330240011258305308995328 )
                     </storage>
                     <origStorage>
                       .Map
                     </origStorage>
                     <nonce>
                       1
                     </nonce>
                     ...
                   </account>
                   ( <account>
                     <acctID>
                       491460923342184218035706888008750043977755113263
                     </acctID>
                     <balance>
                       0
                     </balance>
                     <storage>
                       ( 0 |-> 12300 )
                     </storage>
                     <origStorage>
                       .Map
                     </origStorage>
                     <nonce>
                       1
                     </nonce>
                     ...
                   </account>
                   ( <account>
                     <acctID>
                       645326474426547203313410069153905908525362434349
                     </acctID>
                     <balance>
                       0
                     </balance>
                     <storage>
                       .Map
                     </storage>
                     <origStorage>
                       .Map
                     </origStorage>
                     <nonce>
                       0
                     </nonce>
                     ...
                   </account>
                   <account>
                     <acctID>
                       728815563385977040452943777879061427756277306518
                     </acctID>
                     <balance>
                       0
                     </balance>
                     <storage>
                       ( ( 27 |-> 491460923342184218035706888008750043977755113263 )
                       ( 28 |-> 263400868551549723330807389252719309078400616203 ) )
                     </storage>
                     <origStorage>
                       .Map
                     </origStorage>
                     <nonce>
                       3
                     </nonce>
                     ...
                   </account> ) ) )
                 </accounts>
                 ...
               </network>
             </ethereum>
             ...
           </kevm>
           <cheatcodes>
             <prank>
               <active>
                 false
               </active>
               <singleCall>
                 false
               </singleCall>
               ...
             </prank>
             <expectedRevert>
               <isRevertExpected>
                 false
               </isRevertExpected>
               ...
             </expectedRevert>
             <expectedOpcode>
               <isOpcodeExpected>
                 false
               </isOpcodeExpected>
               ...
             </expectedOpcode>
             <expectEmit>
               <recordEvent>
                 false
               </recordEvent>
               <isEventExpected>
                 false
               </isEventExpected>
               ...
             </expectEmit>
             <whitelist>
               <isCallWhitelistActive>
                 false
               </isCallWhitelistActive>
               <isStorageWhitelistActive>
                 false
               </isStorageWhitelistActive>
               <addressSet>
                 .Set
               </addressSet>
               <storageSlotSet>
                 .Set
               </storageSlotSet>
             </whitelist>
             <mockCalls>
               .MockCallCellMap
             </mockCalls>
           </cheatcodes>
           <KEVMTracing>
             <activeTracing>
               false
             </activeTracing>
             <traceStorage>
               false
             </traceStorage>
             <traceWordStack>
               false
             </traceWordStack>
             <traceMemory>
               false
             </traceMemory>
             <recordedTrace>
               false
             </recordedTrace>
             <traceData>
               .List
             </traceData>
           </KEVMTracing>
         </foundry>
      requires ( 0 <=Int CALLER_ID:Int
       andBool ( 0 <=Int ORIGIN_ID:Int
       andBool ( 0 <=Int NUMBER_CELL:Int
       andBool ( 0 <=Int TIMESTAMP_CELL:Int
       andBool ( CALLER_ID:Int =/=Int 645326474426547203313410069153905908525362434349
       andBool ( ORIGIN_ID:Int =/=Int 645326474426547203313410069153905908525362434349
       andBool ( _C_CONTRACTFIELDTEST_ID =/=Int 645326474426547203313410069153905908525362434349
       andBool ( CALLER_ID:Int <Int pow160
       andBool ( ORIGIN_ID:Int <Int pow160
       andBool ( NUMBER_CELL:Int <=Int maxSInt256
       andBool ( TIMESTAMP_CELL:Int <Int pow256
       andBool ( ( notBool #range ( 0 < CALLER_ID:Int <= 9 ) )
       andBool ( ( notBool #range ( 0 < ORIGIN_ID:Int <= 9 ) )
               )))))))))))))
      [priority(20), label(BASIC-BLOCK-5-TO-6)]
    
    rule [BASIC-BLOCK-6-TO-8]: <foundry>
           <kevm>
             <k>
               ( #execute => #halt )
               ~> _CONTINUATION
             </k>
             <mode>
               NORMAL
             </mode>
             <schedule>
               SHANGHAI
             </schedule>
             <useGas>
               false
             </useGas>
             <ethereum>
               <evm>
                 <output>
                   b""
                 </output>
                 <statusCode>
                   ( _STATUSCODE => EVMC_SUCCESS )
                 </statusCode>
                 <callStack>
                   .List
                 </callStack>
                 <interimStates>
                   .List
                 </interimStates>
                 <touchedAccounts>
                   ( .Set => ( SetItem ( 263400868551549723330807389252719309078400616203 ) ( SetItem ( 491460923342184218035706888008750043977755113263 ) SetItem ( 728815563385977040452943777879061427756277306518 ) ) ) )
                 </touchedAccounts>
                 <callState>
                   <id>
                     728815563385977040452943777879061427756277306518
                   </id>
                   <caller>
                     CALLER_ID:Int
                   </caller>
                   <callData>
                     b"51X\xa0"
                   </callData>
                   <callValue>
                     0
                   </callValue>
                   <wordStack>
                     ( .WordStack => ( selector ( "testEscrowToken()" ) : .WordStack ) )
                   </wordStack>
                   <localMem>
                     ( b"" => b"\x00\x00\x00\x00\x00\x00\x00\x00\x00\x00\x00\x00\x00\x00\x00\x00\x00\x00\x00\x00\x00\x00\x00\x00\x00\x00\x00\x00\x00\x00\x00\x00\x00\x00\x00\x00\x00\x00\x00\x00\x00\x00\x00\x00\x00\x00\x00\x00\x00\x00\x00\x00\x00\x00\x00\x00\x00\x00\x00\x00\x00\x00\x00\x00\x00\x00\x00\x00\x00\x00\x00\x00\x00\x00\x00\x00\x00\x00\x00\x00\x00\x00\x00\x00\x00\x00\x00\x00\x00\x00\x00\x00\x00\x00\x00\xa0\x00\x00\x00\x00\x00\x00\x00\x00\x00\x00\x00\x00\x00\x00\x00\x00\x00\x00\x00\x00\x00\x00\x00\x00\x00\x00\x00\x00\x00\x00\x00\x00\x00\x00\x00\x00\x00\x00\x00\x00\x00\x00\x00\x00\x00\x00\x00\x00\x00\x00\x00\x00\x00\x00\x00\x00\x00\x00\x00\x00\x00\x0009" )
                   </localMem>
                   <memoryUsed>
                     0
                   </memoryUsed>
                   <callGas>
                     0
                   </callGas>
                   <static>
                     false
                   </static>
                   <callDepth>
                     0
                   </callDepth>
                   ...
                 </callState>
                 <substate>
                   <log>
                     .List
                   </log>
                   <refund>
                     0
                   </refund>
                   <accessedAccounts>
                     ( .Set => ( SetItem ( 263400868551549723330807389252719309078400616203 ) ( SetItem ( 491460923342184218035706888008750043977755113263 ) SetItem ( 728815563385977040452943777879061427756277306518 ) ) ) )
                   </accessedAccounts>
                   <accessedStorage>
                     .Map
                   </accessedStorage>
                   ...
                 </substate>
                 <origin>
                   ORIGIN_ID:Int
                 </origin>
                 <block>
                   <number>
                     NUMBER_CELL:Int
                   </number>
                   <timestamp>
                     TIMESTAMP_CELL:Int
                   </timestamp>
                   ...
                 </block>
                 ...
               </evm>
               <network>
                 <accounts>
                   ( <account>
                     <acctID>
                       263400868551549723330807389252719309078400616203
                     </acctID>
                     <balance>
                       0
                     </balance>
                     <storage>
                       ( 0 |-> 125813996375599159817140963330240011258305308995328 )
                     </storage>
                     <origStorage>
                       .Map
                     </origStorage>
                     <nonce>
                       1
                     </nonce>
                     ...
                   </account>
                   ( <account>
                     <acctID>
                       491460923342184218035706888008750043977755113263
                     </acctID>
                     <balance>
                       0
                     </balance>
                     <storage>
                       ( 0 |-> 12300 )
                     </storage>
                     <origStorage>
                       .Map
                     </origStorage>
                     <nonce>
                       1
                     </nonce>
                     ...
                   </account>
                   ( <account>
                     <acctID>
                       645326474426547203313410069153905908525362434349
                     </acctID>
                     <balance>
                       0
                     </balance>
                     <storage>
                       .Map
                     </storage>
                     <origStorage>
                       .Map
                     </origStorage>
                     <nonce>
                       0
                     </nonce>
                     ...
                   </account>
                   <account>
                     <acctID>
                       728815563385977040452943777879061427756277306518
                     </acctID>
                     <balance>
                       0
                     </balance>
                     <storage>
                       ( ( 27 |-> 491460923342184218035706888008750043977755113263 )
                       ( 28 |-> 263400868551549723330807389252719309078400616203 ) )
                     </storage>
                     <origStorage>
                       .Map
                     </origStorage>
                     <nonce>
                       3
                     </nonce>
                     ...
                   </account> ) ) )
                 </accounts>
                 ...
               </network>
             </ethereum>
             ...
           </kevm>
           <cheatcodes>
             <prank>
               <active>
                 false
               </active>
               <singleCall>
                 false
               </singleCall>
               ...
             </prank>
             <expectedRevert>
               <isRevertExpected>
                 false
               </isRevertExpected>
               ...
             </expectedRevert>
             <expectedOpcode>
               <isOpcodeExpected>
                 false
               </isOpcodeExpected>
               ...
             </expectedOpcode>
             <expectEmit>
               <recordEvent>
                 false
               </recordEvent>
               <isEventExpected>
                 false
               </isEventExpected>
               ...
             </expectEmit>
             <whitelist>
               <isCallWhitelistActive>
                 false
               </isCallWhitelistActive>
               <isStorageWhitelistActive>
                 false
               </isStorageWhitelistActive>
               <addressSet>
                 .Set
               </addressSet>
               <storageSlotSet>
                 .Set
               </storageSlotSet>
             </whitelist>
             <mockCalls>
               .MockCallCellMap
             </mockCalls>
           </cheatcodes>
           <KEVMTracing>
             <activeTracing>
               false
             </activeTracing>
             <traceStorage>
               false
             </traceStorage>
             <traceWordStack>
               false
             </traceWordStack>
             <traceMemory>
               false
             </traceMemory>
             <recordedTrace>
               false
             </recordedTrace>
             <traceData>
               .List
             </traceData>
           </KEVMTracing>
         </foundry>
      requires ( 0 <=Int CALLER_ID:Int
       andBool ( 0 <=Int ORIGIN_ID:Int
       andBool ( 0 <=Int NUMBER_CELL:Int
       andBool ( 0 <=Int TIMESTAMP_CELL:Int
       andBool ( CALLER_ID:Int =/=Int 645326474426547203313410069153905908525362434349
       andBool ( ORIGIN_ID:Int =/=Int 645326474426547203313410069153905908525362434349
       andBool ( CALLER_ID:Int <Int pow160
       andBool ( ORIGIN_ID:Int <Int pow160
       andBool ( NUMBER_CELL:Int <=Int maxSInt256
       andBool ( TIMESTAMP_CELL:Int <Int pow256
       andBool ( ( notBool #range ( 0 < CALLER_ID:Int <= 9 ) )
       andBool ( ( notBool #range ( 0 < ORIGIN_ID:Int <= 9 ) )
               ))))))))))))
      [priority(20), label(BASIC-BLOCK-6-TO-8)]

endmodule